MPLINK 5.08, LINKER
Linker Map File - Created Thu Nov 26 03:35:37 2020

                                 Section Info
                  Section       Type    Address   Location Size(Bytes)
                ---------  ---------  ---------  ---------  ---------
                 RES_VECT       code   0x000000    program   0x000002
                   .cinit    romdata   0x000001    program   0x000004
                MAIN_PROG       code   0x000003    program   0x00021c
.config_2007_BUILD/DEFAULT/PRODUCTION/NAVIDAD       code   0x002007    program   0x000002
.config_2008_BUILD/DEFAULT/PRODUCTION/NAVIDAD       code   0x002008    program   0x000002
                      GPR      udata   0x000020       data   0x000012



                              Program Memory Usage 
                               Start         End      
                           ---------   ---------      
                            0x000000    0x000110      
                            0x002007    0x002008      
            275 out of 8455 program addresses used, program memory utilization is 3%



                              Symbols - Sorted by Name
                     Name    Address   Location    Storage File                     
                ---------  ---------  ---------  --------- ---------                
                  CONFIG1   0x000074    program     static C:\Users\Carlo\OneDrive\Documentos\GitHub\Progra_de_Micros\Prjct3.X\navidad.asm
               CONFIG_ADC   0x000039    program     static C:\Users\Carlo\OneDrive\Documentos\GitHub\Progra_de_Micros\Prjct3.X\navidad.asm
              CONFIG_ADC2   0x000042    program     static C:\Users\Carlo\OneDrive\Documentos\GitHub\Progra_de_Micros\Prjct3.X\navidad.asm
                CONFIG_IO   0x000023    program     static C:\Users\Carlo\OneDrive\Documentos\GitHub\Progra_de_Micros\Prjct3.X\navidad.asm
     CONFIG_T2CON_CCP1CON   0x000081    program     static C:\Users\Carlo\OneDrive\Documentos\GitHub\Progra_de_Micros\Prjct3.X\navidad.asm
              CONFIG_TXRX   0x00004b    program     static C:\Users\Carlo\OneDrive\Documentos\GitHub\Progra_de_Micros\Prjct3.X\navidad.asm
                 DELAY_AQ   0x000062    program     static C:\Users\Carlo\OneDrive\Documentos\GitHub\Progra_de_Micros\Prjct3.X\navidad.asm
            DELAY_MULTPLX   0x000072    program     static C:\Users\Carlo\OneDrive\Documentos\GitHub\Progra_de_Micros\Prjct3.X\navidad.asm
              DELAY_SMALL   0x00006d    program     static C:\Users\Carlo\OneDrive\Documentos\GitHub\Progra_de_Micros\Prjct3.X\navidad.asm
                   ENVIO1   0x0000b3    program     static C:\Users\Carlo\OneDrive\Documentos\GitHub\Progra_de_Micros\Prjct3.X\navidad.asm
                   ENVIO3   0x0000ac    program     static C:\Users\Carlo\OneDrive\Documentos\GitHub\Progra_de_Micros\Prjct3.X\navidad.asm
               ESC_EEPROM   0x0000ba    program     static C:\Users\Carlo\OneDrive\Documentos\GitHub\Progra_de_Micros\Prjct3.X\navidad.asm
               LEC_EEPROM   0x0000d2    program     static C:\Users\Carlo\OneDrive\Documentos\GitHub\Progra_de_Micros\Prjct3.X\navidad.asm
                 LEC_POTX   0x000092    program     static C:\Users\Carlo\OneDrive\Documentos\GitHub\Progra_de_Micros\Prjct3.X\navidad.asm
                 LEC_POTY   0x00009d    program     static C:\Users\Carlo\OneDrive\Documentos\GitHub\Progra_de_Micros\Prjct3.X\navidad.asm
                     LEDS   0x0000e1    program     static C:\Users\Carlo\OneDrive\Documentos\GitHub\Progra_de_Micros\Prjct3.X\navidad.asm
                    LENTO   0x0000f2    program     static C:\Users\Carlo\OneDrive\Documentos\GitHub\Progra_de_Micros\Prjct3.X\navidad.asm
                     LOOP   0x000011    program     static C:\Users\Carlo\OneDrive\Documentos\GitHub\Progra_de_Micros\Prjct3.X\navidad.asm
                  MOTORDC   0x0000e6    program     static C:\Users\Carlo\OneDrive\Documentos\GitHub\Progra_de_Micros\Prjct3.X\navidad.asm
                  NO_SIGN   0x0000fa    program     static C:\Users\Carlo\OneDrive\Documentos\GitHub\Progra_de_Micros\Prjct3.X\navidad.asm
                    PWM_H   0x0000fb    program     static C:\Users\Carlo\OneDrive\Documentos\GitHub\Progra_de_Micros\Prjct3.X\navidad.asm
                   PWM_H2   0x0000fc    program     static C:\Users\Carlo\OneDrive\Documentos\GitHub\Progra_de_Micros\Prjct3.X\navidad.asm
                    PWM_L   0x0000ff    program     static C:\Users\Carlo\OneDrive\Documentos\GitHub\Progra_de_Micros\Prjct3.X\navidad.asm
                   PWM_L2   0x000105    program     static C:\Users\Carlo\OneDrive\Documentos\GitHub\Progra_de_Micros\Prjct3.X\navidad.asm
                   RAPIDO   0x0000f5    program     static C:\Users\Carlo\OneDrive\Documentos\GitHub\Progra_de_Micros\Prjct3.X\navidad.asm
                 RECIBIR2   0x00007a    program     static C:\Users\Carlo\OneDrive\Documentos\GitHub\Progra_de_Micros\Prjct3.X\navidad.asm
                SEL_ENVIO   0x0000a7    program     static C:\Users\Carlo\OneDrive\Documentos\GitHub\Progra_de_Micros\Prjct3.X\navidad.asm
              SEL_RECIBIR   0x000078    program     static C:\Users\Carlo\OneDrive\Documentos\GitHub\Progra_de_Micros\Prjct3.X\navidad.asm
                    SETUP   0x000003    program     static C:\Users\Carlo\OneDrive\Documentos\GitHub\Progra_de_Micros\Prjct3.X\navidad.asm
                     SIGN   0x0000f8    program     static C:\Users\Carlo\OneDrive\Documentos\GitHub\Progra_de_Micros\Prjct3.X\navidad.asm
                    SIGUE   0x00001f    program     static C:\Users\Carlo\OneDrive\Documentos\GitHub\Progra_de_Micros\Prjct3.X\navidad.asm
                  TEMPO_1   0x000108    program     static C:\Users\Carlo\OneDrive\Documentos\GitHub\Progra_de_Micros\Prjct3.X\navidad.asm
                  TEMPO_2   0x00010b    program     static C:\Users\Carlo\OneDrive\Documentos\GitHub\Progra_de_Micros\Prjct3.X\navidad.asm
                  TEMPO_3   0x00010e    program     static C:\Users\Carlo\OneDrive\Documentos\GitHub\Progra_de_Micros\Prjct3.X\navidad.asm
          _MAIN_PROG_006D   0x000070    program     static C:\Users\Carlo\OneDrive\Documentos\GitHub\Progra_de_Micros\Prjct3.X\navidad.asm
          _MAIN_PROG_0095   0x000098    program     static C:\Users\Carlo\OneDrive\Documentos\GitHub\Progra_de_Micros\Prjct3.X\navidad.asm
          _MAIN_PROG_00A0   0x0000a3    program     static C:\Users\Carlo\OneDrive\Documentos\GitHub\Progra_de_Micros\Prjct3.X\navidad.asm
                  ADC_VAL   0x000020       data     static C:\Users\Carlo\OneDrive\Documentos\GitHub\Progra_de_Micros\Prjct3.X\navidad.asm
                 ADC_VAL2   0x000021       data     static C:\Users\Carlo\OneDrive\Documentos\GitHub\Progra_de_Micros\Prjct3.X\navidad.asm
                     BAND   0x00002a       data     static C:\Users\Carlo\OneDrive\Documentos\GitHub\Progra_de_Micros\Prjct3.X\navidad.asm
                    BAND2   0x00002b       data     static C:\Users\Carlo\OneDrive\Documentos\GitHub\Progra_de_Micros\Prjct3.X\navidad.asm
                 BANDERAS   0x00002e       data     static C:\Users\Carlo\OneDrive\Documentos\GitHub\Progra_de_Micros\Prjct3.X\navidad.asm
                 BARRIDOS   0x000030       data     static C:\Users\Carlo\OneDrive\Documentos\GitHub\Progra_de_Micros\Prjct3.X\navidad.asm
                    CONT1   0x000026       data     static C:\Users\Carlo\OneDrive\Documentos\GitHub\Progra_de_Micros\Prjct3.X\navidad.asm
                    CONT2   0x000027       data     static C:\Users\Carlo\OneDrive\Documentos\GitHub\Progra_de_Micros\Prjct3.X\navidad.asm
                   DECODE   0x000022       data     static C:\Users\Carlo\OneDrive\Documentos\GitHub\Progra_de_Micros\Prjct3.X\navidad.asm
                  DECODE2   0x000023       data     static C:\Users\Carlo\OneDrive\Documentos\GitHub\Progra_de_Micros\Prjct3.X\navidad.asm
                  DECODE3   0x000024       data     static C:\Users\Carlo\OneDrive\Documentos\GitHub\Progra_de_Micros\Prjct3.X\navidad.asm
                  DECODE4   0x000025       data     static C:\Users\Carlo\OneDrive\Documentos\GitHub\Progra_de_Micros\Prjct3.X\navidad.asm
                      MOT   0x00002f       data     static C:\Users\Carlo\OneDrive\Documentos\GitHub\Progra_de_Micros\Prjct3.X\navidad.asm
                   NUMERO   0x000031       data     static C:\Users\Carlo\OneDrive\Documentos\GitHub\Progra_de_Micros\Prjct3.X\navidad.asm
                    VIENE   0x00002c       data     static C:\Users\Carlo\OneDrive\Documentos\GitHub\Progra_de_Micros\Prjct3.X\navidad.asm
                     XCOR   0x000028       data     static C:\Users\Carlo\OneDrive\Documentos\GitHub\Progra_de_Micros\Prjct3.X\navidad.asm
                     YCOR   0x000029       data     static C:\Users\Carlo\OneDrive\Documentos\GitHub\Progra_de_Micros\Prjct3.X\navidad.asm
                   YVIENE   0x00002d       data     static C:\Users\Carlo\OneDrive\Documentos\GitHub\Progra_de_Micros\Prjct3.X\navidad.asm



                              Symbols - Sorted by Address
                     Name    Address   Location    Storage File                     
                ---------  ---------  ---------  --------- ---------                
                    SETUP   0x000003    program     static C:\Users\Carlo\OneDrive\Documentos\GitHub\Progra_de_Micros\Prjct3.X\navidad.asm
                     LOOP   0x000011    program     static C:\Users\Carlo\OneDrive\Documentos\GitHub\Progra_de_Micros\Prjct3.X\navidad.asm
                    SIGUE   0x00001f    program     static C:\Users\Carlo\OneDrive\Documentos\GitHub\Progra_de_Micros\Prjct3.X\navidad.asm
                CONFIG_IO   0x000023    program     static C:\Users\Carlo\OneDrive\Documentos\GitHub\Progra_de_Micros\Prjct3.X\navidad.asm
               CONFIG_ADC   0x000039    program     static C:\Users\Carlo\OneDrive\Documentos\GitHub\Progra_de_Micros\Prjct3.X\navidad.asm
              CONFIG_ADC2   0x000042    program     static C:\Users\Carlo\OneDrive\Documentos\GitHub\Progra_de_Micros\Prjct3.X\navidad.asm
              CONFIG_TXRX   0x00004b    program     static C:\Users\Carlo\OneDrive\Documentos\GitHub\Progra_de_Micros\Prjct3.X\navidad.asm
                 DELAY_AQ   0x000062    program     static C:\Users\Carlo\OneDrive\Documentos\GitHub\Progra_de_Micros\Prjct3.X\navidad.asm
              DELAY_SMALL   0x00006d    program     static C:\Users\Carlo\OneDrive\Documentos\GitHub\Progra_de_Micros\Prjct3.X\navidad.asm
          _MAIN_PROG_006D   0x000070    program     static C:\Users\Carlo\OneDrive\Documentos\GitHub\Progra_de_Micros\Prjct3.X\navidad.asm
            DELAY_MULTPLX   0x000072    program     static C:\Users\Carlo\OneDrive\Documentos\GitHub\Progra_de_Micros\Prjct3.X\navidad.asm
                  CONFIG1   0x000074    program     static C:\Users\Carlo\OneDrive\Documentos\GitHub\Progra_de_Micros\Prjct3.X\navidad.asm
              SEL_RECIBIR   0x000078    program     static C:\Users\Carlo\OneDrive\Documentos\GitHub\Progra_de_Micros\Prjct3.X\navidad.asm
                 RECIBIR2   0x00007a    program     static C:\Users\Carlo\OneDrive\Documentos\GitHub\Progra_de_Micros\Prjct3.X\navidad.asm
     CONFIG_T2CON_CCP1CON   0x000081    program     static C:\Users\Carlo\OneDrive\Documentos\GitHub\Progra_de_Micros\Prjct3.X\navidad.asm
                 LEC_POTX   0x000092    program     static C:\Users\Carlo\OneDrive\Documentos\GitHub\Progra_de_Micros\Prjct3.X\navidad.asm
          _MAIN_PROG_0095   0x000098    program     static C:\Users\Carlo\OneDrive\Documentos\GitHub\Progra_de_Micros\Prjct3.X\navidad.asm
                 LEC_POTY   0x00009d    program     static C:\Users\Carlo\OneDrive\Documentos\GitHub\Progra_de_Micros\Prjct3.X\navidad.asm
          _MAIN_PROG_00A0   0x0000a3    program     static C:\Users\Carlo\OneDrive\Documentos\GitHub\Progra_de_Micros\Prjct3.X\navidad.asm
                SEL_ENVIO   0x0000a7    program     static C:\Users\Carlo\OneDrive\Documentos\GitHub\Progra_de_Micros\Prjct3.X\navidad.asm
                   ENVIO3   0x0000ac    program     static C:\Users\Carlo\OneDrive\Documentos\GitHub\Progra_de_Micros\Prjct3.X\navidad.asm
                   ENVIO1   0x0000b3    program     static C:\Users\Carlo\OneDrive\Documentos\GitHub\Progra_de_Micros\Prjct3.X\navidad.asm
               ESC_EEPROM   0x0000ba    program     static C:\Users\Carlo\OneDrive\Documentos\GitHub\Progra_de_Micros\Prjct3.X\navidad.asm
               LEC_EEPROM   0x0000d2    program     static C:\Users\Carlo\OneDrive\Documentos\GitHub\Progra_de_Micros\Prjct3.X\navidad.asm
                     LEDS   0x0000e1    program     static C:\Users\Carlo\OneDrive\Documentos\GitHub\Progra_de_Micros\Prjct3.X\navidad.asm
                  MOTORDC   0x0000e6    program     static C:\Users\Carlo\OneDrive\Documentos\GitHub\Progra_de_Micros\Prjct3.X\navidad.asm
                    LENTO   0x0000f2    program     static C:\Users\Carlo\OneDrive\Documentos\GitHub\Progra_de_Micros\Prjct3.X\navidad.asm
                   RAPIDO   0x0000f5    program     static C:\Users\Carlo\OneDrive\Documentos\GitHub\Progra_de_Micros\Prjct3.X\navidad.asm
                     SIGN   0x0000f8    program     static C:\Users\Carlo\OneDrive\Documentos\GitHub\Progra_de_Micros\Prjct3.X\navidad.asm
                  NO_SIGN   0x0000fa    program     static C:\Users\Carlo\OneDrive\Documentos\GitHub\Progra_de_Micros\Prjct3.X\navidad.asm
                    PWM_H   0x0000fb    program     static C:\Users\Carlo\OneDrive\Documentos\GitHub\Progra_de_Micros\Prjct3.X\navidad.asm
                   PWM_H2   0x0000fc    program     static C:\Users\Carlo\OneDrive\Documentos\GitHub\Progra_de_Micros\Prjct3.X\navidad.asm
                    PWM_L   0x0000ff    program     static C:\Users\Carlo\OneDrive\Documentos\GitHub\Progra_de_Micros\Prjct3.X\navidad.asm
                   PWM_L2   0x000105    program     static C:\Users\Carlo\OneDrive\Documentos\GitHub\Progra_de_Micros\Prjct3.X\navidad.asm
                  TEMPO_1   0x000108    program     static C:\Users\Carlo\OneDrive\Documentos\GitHub\Progra_de_Micros\Prjct3.X\navidad.asm
                  TEMPO_2   0x00010b    program     static C:\Users\Carlo\OneDrive\Documentos\GitHub\Progra_de_Micros\Prjct3.X\navidad.asm
                  TEMPO_3   0x00010e    program     static C:\Users\Carlo\OneDrive\Documentos\GitHub\Progra_de_Micros\Prjct3.X\navidad.asm
                  ADC_VAL   0x000020       data     static C:\Users\Carlo\OneDrive\Documentos\GitHub\Progra_de_Micros\Prjct3.X\navidad.asm
                 ADC_VAL2   0x000021       data     static C:\Users\Carlo\OneDrive\Documentos\GitHub\Progra_de_Micros\Prjct3.X\navidad.asm
                   DECODE   0x000022       data     static C:\Users\Carlo\OneDrive\Documentos\GitHub\Progra_de_Micros\Prjct3.X\navidad.asm
                  DECODE2   0x000023       data     static C:\Users\Carlo\OneDrive\Documentos\GitHub\Progra_de_Micros\Prjct3.X\navidad.asm
                  DECODE3   0x000024       data     static C:\Users\Carlo\OneDrive\Documentos\GitHub\Progra_de_Micros\Prjct3.X\navidad.asm
                  DECODE4   0x000025       data     static C:\Users\Carlo\OneDrive\Documentos\GitHub\Progra_de_Micros\Prjct3.X\navidad.asm
                    CONT1   0x000026       data     static C:\Users\Carlo\OneDrive\Documentos\GitHub\Progra_de_Micros\Prjct3.X\navidad.asm
                    CONT2   0x000027       data     static C:\Users\Carlo\OneDrive\Documentos\GitHub\Progra_de_Micros\Prjct3.X\navidad.asm
                     XCOR   0x000028       data     static C:\Users\Carlo\OneDrive\Documentos\GitHub\Progra_de_Micros\Prjct3.X\navidad.asm
                     YCOR   0x000029       data     static C:\Users\Carlo\OneDrive\Documentos\GitHub\Progra_de_Micros\Prjct3.X\navidad.asm
                     BAND   0x00002a       data     static C:\Users\Carlo\OneDrive\Documentos\GitHub\Progra_de_Micros\Prjct3.X\navidad.asm
                    BAND2   0x00002b       data     static C:\Users\Carlo\OneDrive\Documentos\GitHub\Progra_de_Micros\Prjct3.X\navidad.asm
                    VIENE   0x00002c       data     static C:\Users\Carlo\OneDrive\Documentos\GitHub\Progra_de_Micros\Prjct3.X\navidad.asm
                   YVIENE   0x00002d       data     static C:\Users\Carlo\OneDrive\Documentos\GitHub\Progra_de_Micros\Prjct3.X\navidad.asm
                 BANDERAS   0x00002e       data     static C:\Users\Carlo\OneDrive\Documentos\GitHub\Progra_de_Micros\Prjct3.X\navidad.asm
                      MOT   0x00002f       data     static C:\Users\Carlo\OneDrive\Documentos\GitHub\Progra_de_Micros\Prjct3.X\navidad.asm
                 BARRIDOS   0x000030       data     static C:\Users\Carlo\OneDrive\Documentos\GitHub\Progra_de_Micros\Prjct3.X\navidad.asm
                   NUMERO   0x000031       data     static C:\Users\Carlo\OneDrive\Documentos\GitHub\Progra_de_Micros\Prjct3.X\navidad.asm


