MPLINK 5.08, LINKER
Linker Map File - Created Tue Oct 13 13:08:10 2020

                                 Section Info
                  Section       Type    Address   Location Size(Bytes)
                ---------  ---------  ---------  ---------  ---------
                 RES_VECT       code   0x000000    program   0x000026
                   .cinit    romdata   0x000013    program   0x000004
                MAIN_PROG       code   0x000015    program   0x000138
.config_2007_BUILD/DEFAULT/PRODUCTION/ETCHSKE       code   0x002007    program   0x000002
.config_2008_BUILD/DEFAULT/PRODUCTION/ETCHSKE       code   0x002008    program   0x000002
                      GPR      udata   0x000020       data   0x000008



                              Program Memory Usage 
                               Start         End      
                           ---------   ---------      
                            0x000000    0x0000b0      
                            0x002007    0x002008      
            179 out of 8455 program addresses used, program memory utilization is 2%



                              Symbols - Sorted by Name
                     Name    Address   Location    Storage File                     
                ---------  ---------  ---------  --------- ---------                
                  CONFIG1   0x000070    program     static C:\Users\Carlo\OneDrive\Documentos\GitHub\Progra_de_Micros\EtchSketch.X\EtchSketch.asm
               CONFIG_ADC   0x00003e    program     static C:\Users\Carlo\OneDrive\Documentos\GitHub\Progra_de_Micros\EtchSketch.X\EtchSketch.asm
                CONFIG_IO   0x00002c    program     static C:\Users\Carlo\OneDrive\Documentos\GitHub\Progra_de_Micros\EtchSketch.X\EtchSketch.asm
              CONFIG_TXRX   0x000047    program     static C:\Users\Carlo\OneDrive\Documentos\GitHub\Progra_de_Micros\EtchSketch.X\EtchSketch.asm
                 DELAY_AQ   0x00005e    program     static C:\Users\Carlo\OneDrive\Documentos\GitHub\Progra_de_Micros\EtchSketch.X\EtchSketch.asm
            DELAY_MULTPLX   0x00006e    program     static C:\Users\Carlo\OneDrive\Documentos\GitHub\Progra_de_Micros\EtchSketch.X\EtchSketch.asm
              DELAY_SMALL   0x000069    program     static C:\Users\Carlo\OneDrive\Documentos\GitHub\Progra_de_Micros\EtchSketch.X\EtchSketch.asm
                    ENVIO   0x00007a    program     static C:\Users\Carlo\OneDrive\Documentos\GitHub\Progra_de_Micros\EtchSketch.X\EtchSketch.asm
                   ENVIO2   0x000085    program     static C:\Users\Carlo\OneDrive\Documentos\GitHub\Progra_de_Micros\EtchSketch.X\EtchSketch.asm
                     LOOP   0x000018    program     static C:\Users\Carlo\OneDrive\Documentos\GitHub\Progra_de_Micros\EtchSketch.X\EtchSketch.asm
                  RECIBIR   0x000074    program     static C:\Users\Carlo\OneDrive\Documentos\GitHub\Progra_de_Micros\EtchSketch.X\EtchSketch.asm
                 RECIBIR2   0x00007f    program     static C:\Users\Carlo\OneDrive\Documentos\GitHub\Progra_de_Micros\EtchSketch.X\EtchSketch.asm
                     SEG7   0x00008a    program     static C:\Users\Carlo\OneDrive\Documentos\GitHub\Progra_de_Micros\EtchSketch.X\EtchSketch.asm
                    SETUP   0x000015    program     static C:\Users\Carlo\OneDrive\Documentos\GitHub\Progra_de_Micros\EtchSketch.X\EtchSketch.asm
               TABLA_7SEG   0x000001    program     static C:\Users\Carlo\OneDrive\Documentos\GitHub\Progra_de_Micros\EtchSketch.X\EtchSketch.asm
          _MAIN_PROG_0007   0x00001c    program     static C:\Users\Carlo\OneDrive\Documentos\GitHub\Progra_de_Micros\EtchSketch.X\EtchSketch.asm
          _MAIN_PROG_0010   0x000025    program     static C:\Users\Carlo\OneDrive\Documentos\GitHub\Progra_de_Micros\EtchSketch.X\EtchSketch.asm
          _MAIN_PROG_0057   0x00006c    program     static C:\Users\Carlo\OneDrive\Documentos\GitHub\Progra_de_Micros\EtchSketch.X\EtchSketch.asm
                  ADC_VAL   0x000020       data     static C:\Users\Carlo\OneDrive\Documentos\GitHub\Progra_de_Micros\EtchSketch.X\EtchSketch.asm
                 ADC_VAL2   0x000021       data     static C:\Users\Carlo\OneDrive\Documentos\GitHub\Progra_de_Micros\EtchSketch.X\EtchSketch.asm
                    CONT1   0x000026       data     static C:\Users\Carlo\OneDrive\Documentos\GitHub\Progra_de_Micros\EtchSketch.X\EtchSketch.asm
                    CONT2   0x000027       data     static C:\Users\Carlo\OneDrive\Documentos\GitHub\Progra_de_Micros\EtchSketch.X\EtchSketch.asm
                   DECODE   0x000022       data     static C:\Users\Carlo\OneDrive\Documentos\GitHub\Progra_de_Micros\EtchSketch.X\EtchSketch.asm
                  DECODE2   0x000023       data     static C:\Users\Carlo\OneDrive\Documentos\GitHub\Progra_de_Micros\EtchSketch.X\EtchSketch.asm
                  DECODE3   0x000024       data     static C:\Users\Carlo\OneDrive\Documentos\GitHub\Progra_de_Micros\EtchSketch.X\EtchSketch.asm
                  DECODE4   0x000025       data     static C:\Users\Carlo\OneDrive\Documentos\GitHub\Progra_de_Micros\EtchSketch.X\EtchSketch.asm



                              Symbols - Sorted by Address
                     Name    Address   Location    Storage File                     
                ---------  ---------  ---------  --------- ---------                
               TABLA_7SEG   0x000001    program     static C:\Users\Carlo\OneDrive\Documentos\GitHub\Progra_de_Micros\EtchSketch.X\EtchSketch.asm
                    SETUP   0x000015    program     static C:\Users\Carlo\OneDrive\Documentos\GitHub\Progra_de_Micros\EtchSketch.X\EtchSketch.asm
                     LOOP   0x000018    program     static C:\Users\Carlo\OneDrive\Documentos\GitHub\Progra_de_Micros\EtchSketch.X\EtchSketch.asm
          _MAIN_PROG_0007   0x00001c    program     static C:\Users\Carlo\OneDrive\Documentos\GitHub\Progra_de_Micros\EtchSketch.X\EtchSketch.asm
          _MAIN_PROG_0010   0x000025    program     static C:\Users\Carlo\OneDrive\Documentos\GitHub\Progra_de_Micros\EtchSketch.X\EtchSketch.asm
                CONFIG_IO   0x00002c    program     static C:\Users\Carlo\OneDrive\Documentos\GitHub\Progra_de_Micros\EtchSketch.X\EtchSketch.asm
               CONFIG_ADC   0x00003e    program     static C:\Users\Carlo\OneDrive\Documentos\GitHub\Progra_de_Micros\EtchSketch.X\EtchSketch.asm
              CONFIG_TXRX   0x000047    program     static C:\Users\Carlo\OneDrive\Documentos\GitHub\Progra_de_Micros\EtchSketch.X\EtchSketch.asm
                 DELAY_AQ   0x00005e    program     static C:\Users\Carlo\OneDrive\Documentos\GitHub\Progra_de_Micros\EtchSketch.X\EtchSketch.asm
              DELAY_SMALL   0x000069    program     static C:\Users\Carlo\OneDrive\Documentos\GitHub\Progra_de_Micros\EtchSketch.X\EtchSketch.asm
          _MAIN_PROG_0057   0x00006c    program     static C:\Users\Carlo\OneDrive\Documentos\GitHub\Progra_de_Micros\EtchSketch.X\EtchSketch.asm
            DELAY_MULTPLX   0x00006e    program     static C:\Users\Carlo\OneDrive\Documentos\GitHub\Progra_de_Micros\EtchSketch.X\EtchSketch.asm
                  CONFIG1   0x000070    program     static C:\Users\Carlo\OneDrive\Documentos\GitHub\Progra_de_Micros\EtchSketch.X\EtchSketch.asm
                  RECIBIR   0x000074    program     static C:\Users\Carlo\OneDrive\Documentos\GitHub\Progra_de_Micros\EtchSketch.X\EtchSketch.asm
                    ENVIO   0x00007a    program     static C:\Users\Carlo\OneDrive\Documentos\GitHub\Progra_de_Micros\EtchSketch.X\EtchSketch.asm
                 RECIBIR2   0x00007f    program     static C:\Users\Carlo\OneDrive\Documentos\GitHub\Progra_de_Micros\EtchSketch.X\EtchSketch.asm
                   ENVIO2   0x000085    program     static C:\Users\Carlo\OneDrive\Documentos\GitHub\Progra_de_Micros\EtchSketch.X\EtchSketch.asm
                     SEG7   0x00008a    program     static C:\Users\Carlo\OneDrive\Documentos\GitHub\Progra_de_Micros\EtchSketch.X\EtchSketch.asm
                  ADC_VAL   0x000020       data     static C:\Users\Carlo\OneDrive\Documentos\GitHub\Progra_de_Micros\EtchSketch.X\EtchSketch.asm
                 ADC_VAL2   0x000021       data     static C:\Users\Carlo\OneDrive\Documentos\GitHub\Progra_de_Micros\EtchSketch.X\EtchSketch.asm
                   DECODE   0x000022       data     static C:\Users\Carlo\OneDrive\Documentos\GitHub\Progra_de_Micros\EtchSketch.X\EtchSketch.asm
                  DECODE2   0x000023       data     static C:\Users\Carlo\OneDrive\Documentos\GitHub\Progra_de_Micros\EtchSketch.X\EtchSketch.asm
                  DECODE3   0x000024       data     static C:\Users\Carlo\OneDrive\Documentos\GitHub\Progra_de_Micros\EtchSketch.X\EtchSketch.asm
                  DECODE4   0x000025       data     static C:\Users\Carlo\OneDrive\Documentos\GitHub\Progra_de_Micros\EtchSketch.X\EtchSketch.asm
                    CONT1   0x000026       data     static C:\Users\Carlo\OneDrive\Documentos\GitHub\Progra_de_Micros\EtchSketch.X\EtchSketch.asm
                    CONT2   0x000027       data     static C:\Users\Carlo\OneDrive\Documentos\GitHub\Progra_de_Micros\EtchSketch.X\EtchSketch.asm


