MPLINK 5.08, LINKER
Linker Map File - Created Tue Oct 13 13:06:11 2020

                                 Section Info
                  Section       Type    Address   Location Size(Bytes)
                ---------  ---------  ---------  ---------  ---------
                 RES_VECT       code   0x000000    program   0x000026
                   .cinit    romdata   0x000013    program   0x000004
                MAIN_PROG       code   0x000015    program   0x0000e2
.config_2007_BUILD/DEFAULT/PRODUCTION/ETCHSKE       code   0x002007    program   0x000002
.config_2008_BUILD/DEFAULT/PRODUCTION/ETCHSKE       code   0x002008    program   0x000002
                      GPR      udata   0x000020       data   0x000005



                              Program Memory Usage 
                               Start         End      
                           ---------   ---------      
                            0x000000    0x000085      
                            0x002007    0x002008      
            136 out of 8455 program addresses used, program memory utilization is 1%



                              Symbols - Sorted by Name
                     Name    Address   Location    Storage File                     
                ---------  ---------  ---------  --------- ---------                
                  CONFIG1   0x000067    program     static C:\Users\Carlo\OneDrive\Documentos\GitHub\Progra_de_Micros\EtchSketch.X\EtchSketch.asm
               CONFIG_ADC   0x000035    program     static C:\Users\Carlo\OneDrive\Documentos\GitHub\Progra_de_Micros\EtchSketch.X\EtchSketch.asm
                CONFIG_IO   0x000023    program     static C:\Users\Carlo\OneDrive\Documentos\GitHub\Progra_de_Micros\EtchSketch.X\EtchSketch.asm
              CONFIG_TXRX   0x00003e    program     static C:\Users\Carlo\OneDrive\Documentos\GitHub\Progra_de_Micros\EtchSketch.X\EtchSketch.asm
                 DELAY_AQ   0x000055    program     static C:\Users\Carlo\OneDrive\Documentos\GitHub\Progra_de_Micros\EtchSketch.X\EtchSketch.asm
            DELAY_MULTPLX   0x000065    program     static C:\Users\Carlo\OneDrive\Documentos\GitHub\Progra_de_Micros\EtchSketch.X\EtchSketch.asm
              DELAY_SMALL   0x000060    program     static C:\Users\Carlo\OneDrive\Documentos\GitHub\Progra_de_Micros\EtchSketch.X\EtchSketch.asm
                    ENVIO   0x000071    program     static C:\Users\Carlo\OneDrive\Documentos\GitHub\Progra_de_Micros\EtchSketch.X\EtchSketch.asm
                     LOOP   0x000018    program     static C:\Users\Carlo\OneDrive\Documentos\GitHub\Progra_de_Micros\EtchSketch.X\EtchSketch.asm
                  RECIBIR   0x00006b    program     static C:\Users\Carlo\OneDrive\Documentos\GitHub\Progra_de_Micros\EtchSketch.X\EtchSketch.asm
                     SEG7   0x000076    program     static C:\Users\Carlo\OneDrive\Documentos\GitHub\Progra_de_Micros\EtchSketch.X\EtchSketch.asm
                    SETUP   0x000015    program     static C:\Users\Carlo\OneDrive\Documentos\GitHub\Progra_de_Micros\EtchSketch.X\EtchSketch.asm
               TABLA_7SEG   0x000001    program     static C:\Users\Carlo\OneDrive\Documentos\GitHub\Progra_de_Micros\EtchSketch.X\EtchSketch.asm
          _MAIN_PROG_0007   0x00001c    program     static C:\Users\Carlo\OneDrive\Documentos\GitHub\Progra_de_Micros\EtchSketch.X\EtchSketch.asm
          _MAIN_PROG_004E   0x000063    program     static C:\Users\Carlo\OneDrive\Documentos\GitHub\Progra_de_Micros\EtchSketch.X\EtchSketch.asm
                  ADC_VAL   0x000020       data     static C:\Users\Carlo\OneDrive\Documentos\GitHub\Progra_de_Micros\EtchSketch.X\EtchSketch.asm
                    CONT1   0x000023       data     static C:\Users\Carlo\OneDrive\Documentos\GitHub\Progra_de_Micros\EtchSketch.X\EtchSketch.asm
                    CONT2   0x000024       data     static C:\Users\Carlo\OneDrive\Documentos\GitHub\Progra_de_Micros\EtchSketch.X\EtchSketch.asm
                   DECODE   0x000021       data     static C:\Users\Carlo\OneDrive\Documentos\GitHub\Progra_de_Micros\EtchSketch.X\EtchSketch.asm
                  DECODE2   0x000022       data     static C:\Users\Carlo\OneDrive\Documentos\GitHub\Progra_de_Micros\EtchSketch.X\EtchSketch.asm



                              Symbols - Sorted by Address
                     Name    Address   Location    Storage File                     
                ---------  ---------  ---------  --------- ---------                
               TABLA_7SEG   0x000001    program     static C:\Users\Carlo\OneDrive\Documentos\GitHub\Progra_de_Micros\EtchSketch.X\EtchSketch.asm
                    SETUP   0x000015    program     static C:\Users\Carlo\OneDrive\Documentos\GitHub\Progra_de_Micros\EtchSketch.X\EtchSketch.asm
                     LOOP   0x000018    program     static C:\Users\Carlo\OneDrive\Documentos\GitHub\Progra_de_Micros\EtchSketch.X\EtchSketch.asm
          _MAIN_PROG_0007   0x00001c    program     static C:\Users\Carlo\OneDrive\Documentos\GitHub\Progra_de_Micros\EtchSketch.X\EtchSketch.asm
                CONFIG_IO   0x000023    program     static C:\Users\Carlo\OneDrive\Documentos\GitHub\Progra_de_Micros\EtchSketch.X\EtchSketch.asm
               CONFIG_ADC   0x000035    program     static C:\Users\Carlo\OneDrive\Documentos\GitHub\Progra_de_Micros\EtchSketch.X\EtchSketch.asm
              CONFIG_TXRX   0x00003e    program     static C:\Users\Carlo\OneDrive\Documentos\GitHub\Progra_de_Micros\EtchSketch.X\EtchSketch.asm
                 DELAY_AQ   0x000055    program     static C:\Users\Carlo\OneDrive\Documentos\GitHub\Progra_de_Micros\EtchSketch.X\EtchSketch.asm
              DELAY_SMALL   0x000060    program     static C:\Users\Carlo\OneDrive\Documentos\GitHub\Progra_de_Micros\EtchSketch.X\EtchSketch.asm
          _MAIN_PROG_004E   0x000063    program     static C:\Users\Carlo\OneDrive\Documentos\GitHub\Progra_de_Micros\EtchSketch.X\EtchSketch.asm
            DELAY_MULTPLX   0x000065    program     static C:\Users\Carlo\OneDrive\Documentos\GitHub\Progra_de_Micros\EtchSketch.X\EtchSketch.asm
                  CONFIG1   0x000067    program     static C:\Users\Carlo\OneDrive\Documentos\GitHub\Progra_de_Micros\EtchSketch.X\EtchSketch.asm
                  RECIBIR   0x00006b    program     static C:\Users\Carlo\OneDrive\Documentos\GitHub\Progra_de_Micros\EtchSketch.X\EtchSketch.asm
                    ENVIO   0x000071    program     static C:\Users\Carlo\OneDrive\Documentos\GitHub\Progra_de_Micros\EtchSketch.X\EtchSketch.asm
                     SEG7   0x000076    program     static C:\Users\Carlo\OneDrive\Documentos\GitHub\Progra_de_Micros\EtchSketch.X\EtchSketch.asm
                  ADC_VAL   0x000020       data     static C:\Users\Carlo\OneDrive\Documentos\GitHub\Progra_de_Micros\EtchSketch.X\EtchSketch.asm
                   DECODE   0x000021       data     static C:\Users\Carlo\OneDrive\Documentos\GitHub\Progra_de_Micros\EtchSketch.X\EtchSketch.asm
                  DECODE2   0x000022       data     static C:\Users\Carlo\OneDrive\Documentos\GitHub\Progra_de_Micros\EtchSketch.X\EtchSketch.asm
                    CONT1   0x000023       data     static C:\Users\Carlo\OneDrive\Documentos\GitHub\Progra_de_Micros\EtchSketch.X\EtchSketch.asm
                    CONT2   0x000024       data     static C:\Users\Carlo\OneDrive\Documentos\GitHub\Progra_de_Micros\EtchSketch.X\EtchSketch.asm


