MPLINK 5.08, LINKER
Linker Map File - Created Sun Oct 25 12:41:32 2020

                                 Section Info
                  Section       Type    Address   Location Size(Bytes)
                ---------  ---------  ---------  ---------  ---------
                 RES_VECT       code   0x000000    program   0x000026
                   .cinit    romdata   0x000013    program   0x000004
                MAIN_PROG       code   0x000015    program   0x0001e4
.config_2007_BUILD/DEFAULT/PRODUCTION/ETCHSKE       code   0x002007    program   0x000002
.config_2008_BUILD/DEFAULT/PRODUCTION/ETCHSKE       code   0x002008    program   0x000002
                      GPR      udata   0x000020       data   0x00000e



                              Program Memory Usage 
                               Start         End      
                           ---------   ---------      
                            0x000000    0x000106      
                            0x002007    0x002008      
            265 out of 8455 program addresses used, program memory utilization is 3%



                              Symbols - Sorted by Name
                     Name    Address   Location    Storage File                     
                ---------  ---------  ---------  --------- ---------                
                  CALC2_X   0x0000bc    program     static C:\Users\Carlo\OneDrive\Documentos\GitHub\Progra_de_Micros\EtchSketch.X\EtchSketch.asm
                  CALC2_Y   0x0000db    program     static C:\Users\Carlo\OneDrive\Documentos\GitHub\Progra_de_Micros\EtchSketch.X\EtchSketch.asm
                  CALC3_X   0x0000c3    program     static C:\Users\Carlo\OneDrive\Documentos\GitHub\Progra_de_Micros\EtchSketch.X\EtchSketch.asm
                  CALC3_Y   0x0000e2    program     static C:\Users\Carlo\OneDrive\Documentos\GitHub\Progra_de_Micros\EtchSketch.X\EtchSketch.asm
                  CALC4_X   0x0000ca    program     static C:\Users\Carlo\OneDrive\Documentos\GitHub\Progra_de_Micros\EtchSketch.X\EtchSketch.asm
                  CALC4_Y   0x0000e9    program     static C:\Users\Carlo\OneDrive\Documentos\GitHub\Progra_de_Micros\EtchSketch.X\EtchSketch.asm
                  CALC5_X   0x0000d1    program     static C:\Users\Carlo\OneDrive\Documentos\GitHub\Progra_de_Micros\EtchSketch.X\EtchSketch.asm
                  CALC5_Y   0x0000f0    program     static C:\Users\Carlo\OneDrive\Documentos\GitHub\Progra_de_Micros\EtchSketch.X\EtchSketch.asm
                   CALC_X   0x0000b5    program     static C:\Users\Carlo\OneDrive\Documentos\GitHub\Progra_de_Micros\EtchSketch.X\EtchSketch.asm
                   CALC_Y   0x0000d4    program     static C:\Users\Carlo\OneDrive\Documentos\GitHub\Progra_de_Micros\EtchSketch.X\EtchSketch.asm
                  CONFIG1   0x000074    program     static C:\Users\Carlo\OneDrive\Documentos\GitHub\Progra_de_Micros\EtchSketch.X\EtchSketch.asm
               CONFIG_ADC   0x000039    program     static C:\Users\Carlo\OneDrive\Documentos\GitHub\Progra_de_Micros\EtchSketch.X\EtchSketch.asm
              CONFIG_ADC2   0x000042    program     static C:\Users\Carlo\OneDrive\Documentos\GitHub\Progra_de_Micros\EtchSketch.X\EtchSketch.asm
                CONFIG_IO   0x000027    program     static C:\Users\Carlo\OneDrive\Documentos\GitHub\Progra_de_Micros\EtchSketch.X\EtchSketch.asm
              CONFIG_TXRX   0x00004b    program     static C:\Users\Carlo\OneDrive\Documentos\GitHub\Progra_de_Micros\EtchSketch.X\EtchSketch.asm
                 DELAY_AQ   0x000062    program     static C:\Users\Carlo\OneDrive\Documentos\GitHub\Progra_de_Micros\EtchSketch.X\EtchSketch.asm
            DELAY_MULTPLX   0x000072    program     static C:\Users\Carlo\OneDrive\Documentos\GitHub\Progra_de_Micros\EtchSketch.X\EtchSketch.asm
              DELAY_SMALL   0x00006d    program     static C:\Users\Carlo\OneDrive\Documentos\GitHub\Progra_de_Micros\EtchSketch.X\EtchSketch.asm
                    ENVIO   0x00007e    program     static C:\Users\Carlo\OneDrive\Documentos\GitHub\Progra_de_Micros\EtchSketch.X\EtchSketch.asm
                   ENVIO2   0x000089    program     static C:\Users\Carlo\OneDrive\Documentos\GitHub\Progra_de_Micros\EtchSketch.X\EtchSketch.asm
                 LEC_POTX   0x0000f3    program     static C:\Users\Carlo\OneDrive\Documentos\GitHub\Progra_de_Micros\EtchSketch.X\EtchSketch.asm
                 LEC_POTY   0x0000fd    program     static C:\Users\Carlo\OneDrive\Documentos\GitHub\Progra_de_Micros\EtchSketch.X\EtchSketch.asm
                     LOOP   0x00001c    program     static C:\Users\Carlo\OneDrive\Documentos\GitHub\Progra_de_Micros\EtchSketch.X\EtchSketch.asm
                  RECIBIR   0x000078    program     static C:\Users\Carlo\OneDrive\Documentos\GitHub\Progra_de_Micros\EtchSketch.X\EtchSketch.asm
                 RECIBIR2   0x000083    program     static C:\Users\Carlo\OneDrive\Documentos\GitHub\Progra_de_Micros\EtchSketch.X\EtchSketch.asm
                     SEG7   0x00008e    program     static C:\Users\Carlo\OneDrive\Documentos\GitHub\Progra_de_Micros\EtchSketch.X\EtchSketch.asm
                    SETUP   0x000015    program     static C:\Users\Carlo\OneDrive\Documentos\GitHub\Progra_de_Micros\EtchSketch.X\EtchSketch.asm
               TABLA_7SEG   0x000001    program     static C:\Users\Carlo\OneDrive\Documentos\GitHub\Progra_de_Micros\EtchSketch.X\EtchSketch.asm
          _MAIN_PROG_005B   0x000070    program     static C:\Users\Carlo\OneDrive\Documentos\GitHub\Progra_de_Micros\EtchSketch.X\EtchSketch.asm
          _MAIN_PROG_00E4   0x0000f9    program     static C:\Users\Carlo\OneDrive\Documentos\GitHub\Progra_de_Micros\EtchSketch.X\EtchSketch.asm
          _MAIN_PROG_00EE   0x000103    program     static C:\Users\Carlo\OneDrive\Documentos\GitHub\Progra_de_Micros\EtchSketch.X\EtchSketch.asm
                  ADC_VAL   0x000020       data     static C:\Users\Carlo\OneDrive\Documentos\GitHub\Progra_de_Micros\EtchSketch.X\EtchSketch.asm
                 ADC_VAL2   0x000021       data     static C:\Users\Carlo\OneDrive\Documentos\GitHub\Progra_de_Micros\EtchSketch.X\EtchSketch.asm
                     BAND   0x00002d       data     static C:\Users\Carlo\OneDrive\Documentos\GitHub\Progra_de_Micros\EtchSketch.X\EtchSketch.asm
                    CONT1   0x000026       data     static C:\Users\Carlo\OneDrive\Documentos\GitHub\Progra_de_Micros\EtchSketch.X\EtchSketch.asm
                    CONT2   0x000027       data     static C:\Users\Carlo\OneDrive\Documentos\GitHub\Progra_de_Micros\EtchSketch.X\EtchSketch.asm
                   DECODE   0x000022       data     static C:\Users\Carlo\OneDrive\Documentos\GitHub\Progra_de_Micros\EtchSketch.X\EtchSketch.asm
                  DECODE2   0x000023       data     static C:\Users\Carlo\OneDrive\Documentos\GitHub\Progra_de_Micros\EtchSketch.X\EtchSketch.asm
                  DECODE3   0x000024       data     static C:\Users\Carlo\OneDrive\Documentos\GitHub\Progra_de_Micros\EtchSketch.X\EtchSketch.asm
                  DECODE4   0x000025       data     static C:\Users\Carlo\OneDrive\Documentos\GitHub\Progra_de_Micros\EtchSketch.X\EtchSketch.asm
              STATUS_TEMP   0x000029       data     static C:\Users\Carlo\OneDrive\Documentos\GitHub\Progra_de_Micros\EtchSketch.X\EtchSketch.asm
                   W_TEMP   0x000028       data     static C:\Users\Carlo\OneDrive\Documentos\GitHub\Progra_de_Micros\EtchSketch.X\EtchSketch.asm
                     XCOR   0x00002a       data     static C:\Users\Carlo\OneDrive\Documentos\GitHub\Progra_de_Micros\EtchSketch.X\EtchSketch.asm
                    XCOR2   0x00002b       data     static C:\Users\Carlo\OneDrive\Documentos\GitHub\Progra_de_Micros\EtchSketch.X\EtchSketch.asm
                     YCOR   0x00002c       data     static C:\Users\Carlo\OneDrive\Documentos\GitHub\Progra_de_Micros\EtchSketch.X\EtchSketch.asm



                              Symbols - Sorted by Address
                     Name    Address   Location    Storage File                     
                ---------  ---------  ---------  --------- ---------                
               TABLA_7SEG   0x000001    program     static C:\Users\Carlo\OneDrive\Documentos\GitHub\Progra_de_Micros\EtchSketch.X\EtchSketch.asm
                    SETUP   0x000015    program     static C:\Users\Carlo\OneDrive\Documentos\GitHub\Progra_de_Micros\EtchSketch.X\EtchSketch.asm
                     LOOP   0x00001c    program     static C:\Users\Carlo\OneDrive\Documentos\GitHub\Progra_de_Micros\EtchSketch.X\EtchSketch.asm
                CONFIG_IO   0x000027    program     static C:\Users\Carlo\OneDrive\Documentos\GitHub\Progra_de_Micros\EtchSketch.X\EtchSketch.asm
               CONFIG_ADC   0x000039    program     static C:\Users\Carlo\OneDrive\Documentos\GitHub\Progra_de_Micros\EtchSketch.X\EtchSketch.asm
              CONFIG_ADC2   0x000042    program     static C:\Users\Carlo\OneDrive\Documentos\GitHub\Progra_de_Micros\EtchSketch.X\EtchSketch.asm
              CONFIG_TXRX   0x00004b    program     static C:\Users\Carlo\OneDrive\Documentos\GitHub\Progra_de_Micros\EtchSketch.X\EtchSketch.asm
                 DELAY_AQ   0x000062    program     static C:\Users\Carlo\OneDrive\Documentos\GitHub\Progra_de_Micros\EtchSketch.X\EtchSketch.asm
              DELAY_SMALL   0x00006d    program     static C:\Users\Carlo\OneDrive\Documentos\GitHub\Progra_de_Micros\EtchSketch.X\EtchSketch.asm
          _MAIN_PROG_005B   0x000070    program     static C:\Users\Carlo\OneDrive\Documentos\GitHub\Progra_de_Micros\EtchSketch.X\EtchSketch.asm
            DELAY_MULTPLX   0x000072    program     static C:\Users\Carlo\OneDrive\Documentos\GitHub\Progra_de_Micros\EtchSketch.X\EtchSketch.asm
                  CONFIG1   0x000074    program     static C:\Users\Carlo\OneDrive\Documentos\GitHub\Progra_de_Micros\EtchSketch.X\EtchSketch.asm
                  RECIBIR   0x000078    program     static C:\Users\Carlo\OneDrive\Documentos\GitHub\Progra_de_Micros\EtchSketch.X\EtchSketch.asm
                    ENVIO   0x00007e    program     static C:\Users\Carlo\OneDrive\Documentos\GitHub\Progra_de_Micros\EtchSketch.X\EtchSketch.asm
                 RECIBIR2   0x000083    program     static C:\Users\Carlo\OneDrive\Documentos\GitHub\Progra_de_Micros\EtchSketch.X\EtchSketch.asm
                   ENVIO2   0x000089    program     static C:\Users\Carlo\OneDrive\Documentos\GitHub\Progra_de_Micros\EtchSketch.X\EtchSketch.asm
                     SEG7   0x00008e    program     static C:\Users\Carlo\OneDrive\Documentos\GitHub\Progra_de_Micros\EtchSketch.X\EtchSketch.asm
                   CALC_X   0x0000b5    program     static C:\Users\Carlo\OneDrive\Documentos\GitHub\Progra_de_Micros\EtchSketch.X\EtchSketch.asm
                  CALC2_X   0x0000bc    program     static C:\Users\Carlo\OneDrive\Documentos\GitHub\Progra_de_Micros\EtchSketch.X\EtchSketch.asm
                  CALC3_X   0x0000c3    program     static C:\Users\Carlo\OneDrive\Documentos\GitHub\Progra_de_Micros\EtchSketch.X\EtchSketch.asm
                  CALC4_X   0x0000ca    program     static C:\Users\Carlo\OneDrive\Documentos\GitHub\Progra_de_Micros\EtchSketch.X\EtchSketch.asm
                  CALC5_X   0x0000d1    program     static C:\Users\Carlo\OneDrive\Documentos\GitHub\Progra_de_Micros\EtchSketch.X\EtchSketch.asm
                   CALC_Y   0x0000d4    program     static C:\Users\Carlo\OneDrive\Documentos\GitHub\Progra_de_Micros\EtchSketch.X\EtchSketch.asm
                  CALC2_Y   0x0000db    program     static C:\Users\Carlo\OneDrive\Documentos\GitHub\Progra_de_Micros\EtchSketch.X\EtchSketch.asm
                  CALC3_Y   0x0000e2    program     static C:\Users\Carlo\OneDrive\Documentos\GitHub\Progra_de_Micros\EtchSketch.X\EtchSketch.asm
                  CALC4_Y   0x0000e9    program     static C:\Users\Carlo\OneDrive\Documentos\GitHub\Progra_de_Micros\EtchSketch.X\EtchSketch.asm
                  CALC5_Y   0x0000f0    program     static C:\Users\Carlo\OneDrive\Documentos\GitHub\Progra_de_Micros\EtchSketch.X\EtchSketch.asm
                 LEC_POTX   0x0000f3    program     static C:\Users\Carlo\OneDrive\Documentos\GitHub\Progra_de_Micros\EtchSketch.X\EtchSketch.asm
          _MAIN_PROG_00E4   0x0000f9    program     static C:\Users\Carlo\OneDrive\Documentos\GitHub\Progra_de_Micros\EtchSketch.X\EtchSketch.asm
                 LEC_POTY   0x0000fd    program     static C:\Users\Carlo\OneDrive\Documentos\GitHub\Progra_de_Micros\EtchSketch.X\EtchSketch.asm
          _MAIN_PROG_00EE   0x000103    program     static C:\Users\Carlo\OneDrive\Documentos\GitHub\Progra_de_Micros\EtchSketch.X\EtchSketch.asm
                  ADC_VAL   0x000020       data     static C:\Users\Carlo\OneDrive\Documentos\GitHub\Progra_de_Micros\EtchSketch.X\EtchSketch.asm
                 ADC_VAL2   0x000021       data     static C:\Users\Carlo\OneDrive\Documentos\GitHub\Progra_de_Micros\EtchSketch.X\EtchSketch.asm
                   DECODE   0x000022       data     static C:\Users\Carlo\OneDrive\Documentos\GitHub\Progra_de_Micros\EtchSketch.X\EtchSketch.asm
                  DECODE2   0x000023       data     static C:\Users\Carlo\OneDrive\Documentos\GitHub\Progra_de_Micros\EtchSketch.X\EtchSketch.asm
                  DECODE3   0x000024       data     static C:\Users\Carlo\OneDrive\Documentos\GitHub\Progra_de_Micros\EtchSketch.X\EtchSketch.asm
                  DECODE4   0x000025       data     static C:\Users\Carlo\OneDrive\Documentos\GitHub\Progra_de_Micros\EtchSketch.X\EtchSketch.asm
                    CONT1   0x000026       data     static C:\Users\Carlo\OneDrive\Documentos\GitHub\Progra_de_Micros\EtchSketch.X\EtchSketch.asm
                    CONT2   0x000027       data     static C:\Users\Carlo\OneDrive\Documentos\GitHub\Progra_de_Micros\EtchSketch.X\EtchSketch.asm
                   W_TEMP   0x000028       data     static C:\Users\Carlo\OneDrive\Documentos\GitHub\Progra_de_Micros\EtchSketch.X\EtchSketch.asm
              STATUS_TEMP   0x000029       data     static C:\Users\Carlo\OneDrive\Documentos\GitHub\Progra_de_Micros\EtchSketch.X\EtchSketch.asm
                     XCOR   0x00002a       data     static C:\Users\Carlo\OneDrive\Documentos\GitHub\Progra_de_Micros\EtchSketch.X\EtchSketch.asm
                    XCOR2   0x00002b       data     static C:\Users\Carlo\OneDrive\Documentos\GitHub\Progra_de_Micros\EtchSketch.X\EtchSketch.asm
                     YCOR   0x00002c       data     static C:\Users\Carlo\OneDrive\Documentos\GitHub\Progra_de_Micros\EtchSketch.X\EtchSketch.asm
                     BAND   0x00002d       data     static C:\Users\Carlo\OneDrive\Documentos\GitHub\Progra_de_Micros\EtchSketch.X\EtchSketch.asm


