MPLINK 5.08, LINKER
Linker Map File - Created Mon Oct 26 00:39:44 2020

                                 Section Info
                  Section       Type    Address   Location Size(Bytes)
                ---------  ---------  ---------  ---------  ---------
                 RES_VECT       code   0x000000    program   0x000026
                   .cinit    romdata   0x000013    program   0x000004
                MAIN_PROG       code   0x000015    program   0x0001c6
.config_2007_BUILD/DEFAULT/PRODUCTION/ETCHSKE       code   0x002007    program   0x000002
.config_2008_BUILD/DEFAULT/PRODUCTION/ETCHSKE       code   0x002008    program   0x000002
                      GPR      udata   0x000020       data   0x000011



                              Program Memory Usage 
                               Start         End      
                           ---------   ---------      
                            0x000000    0x0000f7      
                            0x002007    0x002008      
            250 out of 8455 program addresses used, program memory utilization is 2%



                              Symbols - Sorted by Name
                     Name    Address   Location    Storage File                     
                ---------  ---------  ---------  --------- ---------                
                  CONFIG1   0x000082    program     static C:\Users\Carlo\OneDrive\Documentos\GitHub\Progra_de_Micros\EtchSketch.X\EtchSketch.asm
               CONFIG_ADC   0x000047    program     static C:\Users\Carlo\OneDrive\Documentos\GitHub\Progra_de_Micros\EtchSketch.X\EtchSketch.asm
              CONFIG_ADC2   0x000050    program     static C:\Users\Carlo\OneDrive\Documentos\GitHub\Progra_de_Micros\EtchSketch.X\EtchSketch.asm
                CONFIG_IO   0x000035    program     static C:\Users\Carlo\OneDrive\Documentos\GitHub\Progra_de_Micros\EtchSketch.X\EtchSketch.asm
              CONFIG_TXRX   0x000059    program     static C:\Users\Carlo\OneDrive\Documentos\GitHub\Progra_de_Micros\EtchSketch.X\EtchSketch.asm
                 DELAY_AQ   0x000070    program     static C:\Users\Carlo\OneDrive\Documentos\GitHub\Progra_de_Micros\EtchSketch.X\EtchSketch.asm
            DELAY_MULTPLX   0x000080    program     static C:\Users\Carlo\OneDrive\Documentos\GitHub\Progra_de_Micros\EtchSketch.X\EtchSketch.asm
              DELAY_SMALL   0x00007b    program     static C:\Users\Carlo\OneDrive\Documentos\GitHub\Progra_de_Micros\EtchSketch.X\EtchSketch.asm
                    ENVIO   0x000092    program     static C:\Users\Carlo\OneDrive\Documentos\GitHub\Progra_de_Micros\EtchSketch.X\EtchSketch.asm
                   ENVIO1   0x0000f1    program     static C:\Users\Carlo\OneDrive\Documentos\GitHub\Progra_de_Micros\EtchSketch.X\EtchSketch.asm
                   ENVIO2   0x00009e    program     static C:\Users\Carlo\OneDrive\Documentos\GitHub\Progra_de_Micros\EtchSketch.X\EtchSketch.asm
                   ENVIO3   0x0000ea    program     static C:\Users\Carlo\OneDrive\Documentos\GitHub\Progra_de_Micros\EtchSketch.X\EtchSketch.asm
                   ENVIO4   0x0000e3    program     static C:\Users\Carlo\OneDrive\Documentos\GitHub\Progra_de_Micros\EtchSketch.X\EtchSketch.asm
                 LEC_POTX   0x0000ca    program     static C:\Users\Carlo\OneDrive\Documentos\GitHub\Progra_de_Micros\EtchSketch.X\EtchSketch.asm
                 LEC_POTY   0x0000d4    program     static C:\Users\Carlo\OneDrive\Documentos\GitHub\Progra_de_Micros\EtchSketch.X\EtchSketch.asm
                     LOOP   0x000024    program     static C:\Users\Carlo\OneDrive\Documentos\GitHub\Progra_de_Micros\EtchSketch.X\EtchSketch.asm
                  RECIBIR   0x00008b    program     static C:\Users\Carlo\OneDrive\Documentos\GitHub\Progra_de_Micros\EtchSketch.X\EtchSketch.asm
                 RECIBIR2   0x000097    program     static C:\Users\Carlo\OneDrive\Documentos\GitHub\Progra_de_Micros\EtchSketch.X\EtchSketch.asm
                     SEG7   0x0000a3    program     static C:\Users\Carlo\OneDrive\Documentos\GitHub\Progra_de_Micros\EtchSketch.X\EtchSketch.asm
                SEL_ENVIO   0x0000de    program     static C:\Users\Carlo\OneDrive\Documentos\GitHub\Progra_de_Micros\EtchSketch.X\EtchSketch.asm
              SEL_RECIBIR   0x000086    program     static C:\Users\Carlo\OneDrive\Documentos\GitHub\Progra_de_Micros\EtchSketch.X\EtchSketch.asm
                    SETUP   0x000015    program     static C:\Users\Carlo\OneDrive\Documentos\GitHub\Progra_de_Micros\EtchSketch.X\EtchSketch.asm
               TABLA_7SEG   0x000001    program     static C:\Users\Carlo\OneDrive\Documentos\GitHub\Progra_de_Micros\EtchSketch.X\EtchSketch.asm
          _MAIN_PROG_0069   0x00007e    program     static C:\Users\Carlo\OneDrive\Documentos\GitHub\Progra_de_Micros\EtchSketch.X\EtchSketch.asm
          _MAIN_PROG_00BB   0x0000d0    program     static C:\Users\Carlo\OneDrive\Documentos\GitHub\Progra_de_Micros\EtchSketch.X\EtchSketch.asm
          _MAIN_PROG_00C5   0x0000da    program     static C:\Users\Carlo\OneDrive\Documentos\GitHub\Progra_de_Micros\EtchSketch.X\EtchSketch.asm
                  ADC_VAL   0x000020       data     static C:\Users\Carlo\OneDrive\Documentos\GitHub\Progra_de_Micros\EtchSketch.X\EtchSketch.asm
                 ADC_VAL2   0x000021       data     static C:\Users\Carlo\OneDrive\Documentos\GitHub\Progra_de_Micros\EtchSketch.X\EtchSketch.asm
                     BAND   0x00002d       data     static C:\Users\Carlo\OneDrive\Documentos\GitHub\Progra_de_Micros\EtchSketch.X\EtchSketch.asm
                    BAND2   0x00002e       data     static C:\Users\Carlo\OneDrive\Documentos\GitHub\Progra_de_Micros\EtchSketch.X\EtchSketch.asm
                    CONT1   0x000026       data     static C:\Users\Carlo\OneDrive\Documentos\GitHub\Progra_de_Micros\EtchSketch.X\EtchSketch.asm
                    CONT2   0x000027       data     static C:\Users\Carlo\OneDrive\Documentos\GitHub\Progra_de_Micros\EtchSketch.X\EtchSketch.asm
                   DECODE   0x000022       data     static C:\Users\Carlo\OneDrive\Documentos\GitHub\Progra_de_Micros\EtchSketch.X\EtchSketch.asm
                  DECODE2   0x000023       data     static C:\Users\Carlo\OneDrive\Documentos\GitHub\Progra_de_Micros\EtchSketch.X\EtchSketch.asm
                  DECODE3   0x000024       data     static C:\Users\Carlo\OneDrive\Documentos\GitHub\Progra_de_Micros\EtchSketch.X\EtchSketch.asm
                  DECODE4   0x000025       data     static C:\Users\Carlo\OneDrive\Documentos\GitHub\Progra_de_Micros\EtchSketch.X\EtchSketch.asm
              STATUS_TEMP   0x000029       data     static C:\Users\Carlo\OneDrive\Documentos\GitHub\Progra_de_Micros\EtchSketch.X\EtchSketch.asm
                   W_TEMP   0x000028       data     static C:\Users\Carlo\OneDrive\Documentos\GitHub\Progra_de_Micros\EtchSketch.X\EtchSketch.asm
                     XCOR   0x00002a       data     static C:\Users\Carlo\OneDrive\Documentos\GitHub\Progra_de_Micros\EtchSketch.X\EtchSketch.asm
                    XCOR2   0x00002b       data     static C:\Users\Carlo\OneDrive\Documentos\GitHub\Progra_de_Micros\EtchSketch.X\EtchSketch.asm
                   XVIENE   0x00002f       data     static C:\Users\Carlo\OneDrive\Documentos\GitHub\Progra_de_Micros\EtchSketch.X\EtchSketch.asm
                     YCOR   0x00002c       data     static C:\Users\Carlo\OneDrive\Documentos\GitHub\Progra_de_Micros\EtchSketch.X\EtchSketch.asm
                   YVIENE   0x000030       data     static C:\Users\Carlo\OneDrive\Documentos\GitHub\Progra_de_Micros\EtchSketch.X\EtchSketch.asm



                              Symbols - Sorted by Address
                     Name    Address   Location    Storage File                     
                ---------  ---------  ---------  --------- ---------                
               TABLA_7SEG   0x000001    program     static C:\Users\Carlo\OneDrive\Documentos\GitHub\Progra_de_Micros\EtchSketch.X\EtchSketch.asm
                    SETUP   0x000015    program     static C:\Users\Carlo\OneDrive\Documentos\GitHub\Progra_de_Micros\EtchSketch.X\EtchSketch.asm
                     LOOP   0x000024    program     static C:\Users\Carlo\OneDrive\Documentos\GitHub\Progra_de_Micros\EtchSketch.X\EtchSketch.asm
                CONFIG_IO   0x000035    program     static C:\Users\Carlo\OneDrive\Documentos\GitHub\Progra_de_Micros\EtchSketch.X\EtchSketch.asm
               CONFIG_ADC   0x000047    program     static C:\Users\Carlo\OneDrive\Documentos\GitHub\Progra_de_Micros\EtchSketch.X\EtchSketch.asm
              CONFIG_ADC2   0x000050    program     static C:\Users\Carlo\OneDrive\Documentos\GitHub\Progra_de_Micros\EtchSketch.X\EtchSketch.asm
              CONFIG_TXRX   0x000059    program     static C:\Users\Carlo\OneDrive\Documentos\GitHub\Progra_de_Micros\EtchSketch.X\EtchSketch.asm
                 DELAY_AQ   0x000070    program     static C:\Users\Carlo\OneDrive\Documentos\GitHub\Progra_de_Micros\EtchSketch.X\EtchSketch.asm
              DELAY_SMALL   0x00007b    program     static C:\Users\Carlo\OneDrive\Documentos\GitHub\Progra_de_Micros\EtchSketch.X\EtchSketch.asm
          _MAIN_PROG_0069   0x00007e    program     static C:\Users\Carlo\OneDrive\Documentos\GitHub\Progra_de_Micros\EtchSketch.X\EtchSketch.asm
            DELAY_MULTPLX   0x000080    program     static C:\Users\Carlo\OneDrive\Documentos\GitHub\Progra_de_Micros\EtchSketch.X\EtchSketch.asm
                  CONFIG1   0x000082    program     static C:\Users\Carlo\OneDrive\Documentos\GitHub\Progra_de_Micros\EtchSketch.X\EtchSketch.asm
              SEL_RECIBIR   0x000086    program     static C:\Users\Carlo\OneDrive\Documentos\GitHub\Progra_de_Micros\EtchSketch.X\EtchSketch.asm
                  RECIBIR   0x00008b    program     static C:\Users\Carlo\OneDrive\Documentos\GitHub\Progra_de_Micros\EtchSketch.X\EtchSketch.asm
                    ENVIO   0x000092    program     static C:\Users\Carlo\OneDrive\Documentos\GitHub\Progra_de_Micros\EtchSketch.X\EtchSketch.asm
                 RECIBIR2   0x000097    program     static C:\Users\Carlo\OneDrive\Documentos\GitHub\Progra_de_Micros\EtchSketch.X\EtchSketch.asm
                   ENVIO2   0x00009e    program     static C:\Users\Carlo\OneDrive\Documentos\GitHub\Progra_de_Micros\EtchSketch.X\EtchSketch.asm
                     SEG7   0x0000a3    program     static C:\Users\Carlo\OneDrive\Documentos\GitHub\Progra_de_Micros\EtchSketch.X\EtchSketch.asm
                 LEC_POTX   0x0000ca    program     static C:\Users\Carlo\OneDrive\Documentos\GitHub\Progra_de_Micros\EtchSketch.X\EtchSketch.asm
          _MAIN_PROG_00BB   0x0000d0    program     static C:\Users\Carlo\OneDrive\Documentos\GitHub\Progra_de_Micros\EtchSketch.X\EtchSketch.asm
                 LEC_POTY   0x0000d4    program     static C:\Users\Carlo\OneDrive\Documentos\GitHub\Progra_de_Micros\EtchSketch.X\EtchSketch.asm
          _MAIN_PROG_00C5   0x0000da    program     static C:\Users\Carlo\OneDrive\Documentos\GitHub\Progra_de_Micros\EtchSketch.X\EtchSketch.asm
                SEL_ENVIO   0x0000de    program     static C:\Users\Carlo\OneDrive\Documentos\GitHub\Progra_de_Micros\EtchSketch.X\EtchSketch.asm
                   ENVIO4   0x0000e3    program     static C:\Users\Carlo\OneDrive\Documentos\GitHub\Progra_de_Micros\EtchSketch.X\EtchSketch.asm
                   ENVIO3   0x0000ea    program     static C:\Users\Carlo\OneDrive\Documentos\GitHub\Progra_de_Micros\EtchSketch.X\EtchSketch.asm
                   ENVIO1   0x0000f1    program     static C:\Users\Carlo\OneDrive\Documentos\GitHub\Progra_de_Micros\EtchSketch.X\EtchSketch.asm
                  ADC_VAL   0x000020       data     static C:\Users\Carlo\OneDrive\Documentos\GitHub\Progra_de_Micros\EtchSketch.X\EtchSketch.asm
                 ADC_VAL2   0x000021       data     static C:\Users\Carlo\OneDrive\Documentos\GitHub\Progra_de_Micros\EtchSketch.X\EtchSketch.asm
                   DECODE   0x000022       data     static C:\Users\Carlo\OneDrive\Documentos\GitHub\Progra_de_Micros\EtchSketch.X\EtchSketch.asm
                  DECODE2   0x000023       data     static C:\Users\Carlo\OneDrive\Documentos\GitHub\Progra_de_Micros\EtchSketch.X\EtchSketch.asm
                  DECODE3   0x000024       data     static C:\Users\Carlo\OneDrive\Documentos\GitHub\Progra_de_Micros\EtchSketch.X\EtchSketch.asm
                  DECODE4   0x000025       data     static C:\Users\Carlo\OneDrive\Documentos\GitHub\Progra_de_Micros\EtchSketch.X\EtchSketch.asm
                    CONT1   0x000026       data     static C:\Users\Carlo\OneDrive\Documentos\GitHub\Progra_de_Micros\EtchSketch.X\EtchSketch.asm
                    CONT2   0x000027       data     static C:\Users\Carlo\OneDrive\Documentos\GitHub\Progra_de_Micros\EtchSketch.X\EtchSketch.asm
                   W_TEMP   0x000028       data     static C:\Users\Carlo\OneDrive\Documentos\GitHub\Progra_de_Micros\EtchSketch.X\EtchSketch.asm
              STATUS_TEMP   0x000029       data     static C:\Users\Carlo\OneDrive\Documentos\GitHub\Progra_de_Micros\EtchSketch.X\EtchSketch.asm
                     XCOR   0x00002a       data     static C:\Users\Carlo\OneDrive\Documentos\GitHub\Progra_de_Micros\EtchSketch.X\EtchSketch.asm
                    XCOR2   0x00002b       data     static C:\Users\Carlo\OneDrive\Documentos\GitHub\Progra_de_Micros\EtchSketch.X\EtchSketch.asm
                     YCOR   0x00002c       data     static C:\Users\Carlo\OneDrive\Documentos\GitHub\Progra_de_Micros\EtchSketch.X\EtchSketch.asm
                     BAND   0x00002d       data     static C:\Users\Carlo\OneDrive\Documentos\GitHub\Progra_de_Micros\EtchSketch.X\EtchSketch.asm
                    BAND2   0x00002e       data     static C:\Users\Carlo\OneDrive\Documentos\GitHub\Progra_de_Micros\EtchSketch.X\EtchSketch.asm
                   XVIENE   0x00002f       data     static C:\Users\Carlo\OneDrive\Documentos\GitHub\Progra_de_Micros\EtchSketch.X\EtchSketch.asm
                   YVIENE   0x000030       data     static C:\Users\Carlo\OneDrive\Documentos\GitHub\Progra_de_Micros\EtchSketch.X\EtchSketch.asm


